 Iter  Func-count            Fval   Feasibility   Step Length       Norm of   First-order  
                                                                       step    optimality
    0          47    5.177601e+03     0.000e+00     1.000e+00     0.000e+00     1.713e+02  
    1         101    5.145016e+03     0.000e+00     8.235e-02     1.802e-01     1.610e+02  
    2         153    5.109336e+03     0.000e+00     1.681e-01     1.733e-01     1.313e+02  
    3         207    5.109161e+03     0.000e+00     8.235e-02     3.346e-02     1.204e+02  
    4         259    5.104952e+03     0.000e+00     1.681e-01     5.485e-02     1.002e+02  
    5         314    5.104892e+03     0.000e+00     5.765e-02     1.536e-02     9.443e+01  
    6         371    5.104857e+03     0.000e+00     2.825e-02     1.060e-02     9.175e+01  
    7         426    5.104794e+03     0.000e+00     5.765e-02     1.333e-02     8.646e+01  
    8         489    5.104791e+03     0.000e+00     3.323e-03     8.367e-04     8.617e+01  
    9         553    5.104791e+03     0.000e+00     2.326e-03     4.593e-04     8.597e+01  
 Iter  Func-count            Fval   Feasibility   Step Length       Norm of   First-order  
                                                                       step    optimality
    0          47    5.153298e+03     0.000e+00     1.000e+00     0.000e+00     1.710e+02  
    1         103    5.131663e+03     0.000e+00     4.035e-02     8.869e-02     1.660e+02  
    2         155    5.125416e+03     0.000e+00     1.681e-01     1.747e-01     1.400e+02  
    3         211    5.125320e+03     0.000e+00     4.035e-02     1.809e-02     1.344e+02  
    4         262    5.094258e+03     0.000e+00     2.401e-01     8.850e-02     9.953e+01  
    5         318    5.094195e+03     0.000e+00     4.035e-02     1.511e-02     9.551e+01  
    6         376    5.094177e+03     0.000e+00     1.977e-02     4.569e-03     9.362e+01  
    7         428    5.093992e+03     0.000e+00     1.681e-01     3.498e-02     7.787e+01  
    8         486    5.093983e+03     0.000e+00     1.977e-02     5.888e-03     7.634e+01  
    9         541    5.093934e+03     0.000e+00     5.765e-02     1.668e-02     7.193e+01  
   10         589    5.090729e+03     0.000e+00     7.000e-01     1.148e-01     2.162e+01  
   11         638    5.090581e+03     0.000e+00     4.900e-01     6.546e-02     1.100e+01  
   12         688    5.090579e+03     0.000e+00     3.430e-01     2.023e-02     7.261e+00  
   13         736    5.090493e+03     0.000e+00     7.000e-01     1.439e-02     2.131e+00  
   14         784    5.090468e+03     0.000e+00     7.000e-01     3.046e-03     6.313e-01  
   15         832    5.090461e+03     0.000e+00     7.000e-01     1.029e-03     1.913e-01  
   16         880    5.090458e+03     0.000e+00     7.000e-01     2.744e-04     5.685e-02  
   17         928    5.090458e+03     0.000e+00     7.000e-01     8.162e-05     1.691e-02  
   18         976    5.090458e+03     0.000e+00     7.000e-01     2.802e-05     5.275e-03  
   19        1024    5.090457e+03     0.000e+00     7.000e-01     1.207e-05     1.635e-03  
   20        1072    5.090457e+03     0.000e+00     7.000e-01     3.433e-06     4.747e-04  
   21        1120    5.090457e+03     0.000e+00     7.000e-01     2.096e-06     8.359e+07  
   22        1168    4.749508e+03     0.000e+00     7.000e-01     6.790e-02     1.231e+02  
   23        1216    4.749505e+03     0.000e+00     7.000e-01     3.845e-05     1.231e+02  
   24        1264    4.749505e+03     0.000e+00     7.000e-01     5.823e-06     1.231e+02  
   25        1312    4.749503e+03     0.000e+00     7.000e-01     1.026e-05     1.231e+02  
   26        1360    4.749502e+03     0.000e+00     7.000e-01     8.565e-06     1.231e+02  
   27        1408    4.749499e+03     0.000e+00     7.000e-01     2.343e-05     1.231e+02  
   28        1456    4.749497e+03     0.000e+00     7.000e-01     1.379e-05     1.231e+02  
   29        1504    4.749493e+03     0.000e+00     7.000e-01     3.750e-05     5.898e+09  
 Iter  Func-count            Fval   Feasibility   Step Length       Norm of   First-order  
                                                                       step    optimality
   30        1553    4.748153e+03     0.000e+00     4.900e-01     1.124e-02     1.097e+04  
   31        1602    4.747704e+03     0.000e+00     4.900e-01     5.734e-03     1.730e+08  
   32        1654    4.747702e+03     0.000e+00     1.681e-01     2.156e-05     1.045e+10  
   33        1709    4.747702e+03     0.000e+00     5.765e-02     6.605e-06     9.464e+09  
   34        1769    4.747701e+03     0.000e+00     9.689e-03     1.883e-06     9.329e+09  
   35        1832    4.747701e+03     0.000e+00     3.323e-03     6.394e-07     9.295e+09  
   36        1900    4.747701e+03     0.000e+00     5.585e-04     1.071e-07     9.290e+09  
   37        1927    4.747701e+03     0.000e+00     6.571e-05     1.260e-08     1.071e+01  

Local minimum found that satisfies the constraints.

Optimization completed because the objective function is non-decreasing in 
feasible directions, to within the value of the optimality tolerance,
and constraints are satisfied to within the value of the constraint tolerance.

Fuel Burn Reduction: -0.078706
           Metric            Paper    CurrentBranch    DifferencePercent
    _____________________    _____    _____________    _________________

    "BlockFuel_kg"            9364       3668.5             -60.823     
    "BatteryCapacity_kWh"    249.1       251.77              1.0717     

Main mission fuel: 3668.519 kg
Full profile fuel: 4747.701 kg
Main mission battery use: 246.315 kWh
Full profile battery use: 248.262 kWh
Minimum SOC: 20.051 %
Electric motor weight: 90.997 kg
