 Iter  Func-count            Fval   Feasibility   Step Length       Norm of   First-order  
                                                                       step    optimality
    0          47    5.525985e+03     0.000e+00     1.000e+00     0.000e+00     2.920e+02  
    1         111    5.525959e+03     0.000e+00     2.326e-03     5.154e-03     2.913e+02  
    2         164    5.509987e+03     0.000e+00     1.176e-01     2.025e-01     2.915e+02  
    3         222    5.507188e+03     0.000e+00     1.977e-02     3.592e-02     2.859e+02  
    4         277    5.496053e+03     0.000e+00     5.765e-02     1.033e-01     2.698e+02  
    5         334    5.493187e+03     0.000e+00     2.825e-02     4.523e-02     2.624e+02  
    6         389    5.479614e+03     0.000e+00     5.765e-02     8.770e-02     2.477e+02  
    7         445    5.476356e+03     0.000e+00     4.035e-02     5.902e-02     2.069e+02  
    8         493    5.406762e+03     0.000e+00     7.000e-01     3.345e-01     3.013e+02  
    9         541    5.219514e+03     0.000e+00     7.000e-01     7.254e-01     2.973e+02  
   10         589    5.201125e+03     0.000e+00     7.000e-01     7.598e-01     4.118e+01  
   11         642    5.200826e+03     0.000e+00     1.176e-01     1.094e-01     4.126e+01  
   12         695    5.200710e+03     0.000e+00     1.176e-01     7.726e-02     4.137e+01  
   13         750    5.200657e+03     0.000e+00     5.765e-02     4.173e-02     4.141e+01  
   14         797    5.187600e+03     0.000e+00     1.000e+00     2.522e-01     1.072e+09  
   15         848    5.186210e+03     0.000e+00     2.401e-01     1.588e-01     7.127e+08  
   16         897    5.182435e+03     0.000e+00     4.900e-01     1.882e-01     2.632e+08  
   17         947    5.182321e+03     0.000e+00     3.430e-01     7.570e-02     1.406e+08  
   18        1004    5.182315e+03     0.000e+00     2.825e-02     1.239e-02     1.362e+08  
   19        1054    5.179589e+03     0.000e+00     3.430e-01     1.045e-01     2.827e+08  
   20        1101    5.174413e+03     0.000e+00     1.000e+00     5.932e-01     5.987e+07  
   21        1153    5.171689e+03     0.000e+00     1.681e-01     4.937e-02     2.457e+08  
   22        1200    5.163597e+03     0.000e+00     1.000e+00     5.721e-01     2.470e+08  
   23        1249    5.034265e+03     0.000e+00     4.900e-01     7.640e-02     8.188e+09  
   24        1305    5.034241e+03     0.000e+00     4.035e-02     3.788e-02     7.612e+09  
   25        1357    5.034221e+03     0.000e+00     1.681e-01     2.176e-02     6.338e+09  
   26        1411    5.034214e+03     0.000e+00     8.235e-02     6.981e-03     5.980e+09  
   27        1459    5.034195e+03     0.000e+00     7.000e-01     6.871e-02     5.171e+08  
   28        1509    5.034176e+03     0.000e+00     3.430e-01     5.337e-02     1.666e+09  
   29        1561    5.034164e+03     0.000e+00     1.681e-01     2.909e-02     8.068e+08  
 Iter  Func-count            Fval   Feasibility   Step Length       Norm of   First-order  
                                                                       step    optimality
   30        1612    5.034146e+03     0.000e+00     2.401e-01     4.907e-02     1.002e+09  
   31        1667    5.034136e+03     0.000e+00     5.765e-02     2.956e-02     5.365e+08  
   32        1725    5.034131e+03     0.000e+00     1.977e-02     1.743e-02     6.537e+08  
 Iter  Func-count            Fval   Feasibility   Step Length       Norm of   First-order  
                                                                       step    optimality
    0          47    5.525985e+03     0.000e+00     1.000e+00     0.000e+00     2.920e+02  
    1         111    5.525959e+03     0.000e+00     2.326e-03     5.154e-03     2.913e+02  
    2         164    5.509987e+03     0.000e+00     1.176e-01     2.025e-01     2.915e+02  
    3         222    5.507188e+03     0.000e+00     1.977e-02     3.592e-02     2.859e+02  
    4         277    5.496053e+03     0.000e+00     5.765e-02     1.033e-01     2.698e+02  
    5         334    5.493187e+03     0.000e+00     2.825e-02     4.523e-02     2.624e+02  

Solver stopped prematurely.

fmincon stopped because it exceeded the iteration limit,
options.MaxIterations = 5.000000e+00.

Fuel Burn Reduction: -0.005935
 Iter  Func-count            Fval   Feasibility   Step Length       Norm of   First-order  
                                                                       step    optimality
    0          47    5.525985e+03     0.000e+00     1.000e+00     0.000e+00     2.920e+02  
    1         111    5.525959e+03     0.000e+00     2.326e-03     5.154e-03     2.913e+02  
    2         164    5.509987e+03     0.000e+00     1.176e-01     2.025e-01     2.915e+02  
    3         222    5.507188e+03     0.000e+00     1.977e-02     3.592e-02     2.859e+02  
    4         277    5.496053e+03     0.000e+00     5.765e-02     1.033e-01     2.698e+02  
    5         334    5.493187e+03     0.000e+00     2.825e-02     4.523e-02     2.624e+02  

Solver stopped prematurely.

fmincon stopped because it exceeded the iteration limit,
options.MaxIterations = 5.000000e+00.

Fuel Burn Reduction: -0.005935
 Iter  Func-count            Fval   Feasibility   Step Length       Norm of   First-order  
                                                                       step    optimality
    0          47    2.906562e+03     0.000e+00     1.000e+00     0.000e+00     9.201e+01  
    1         113    2.906537e+03     0.000e+00     1.140e-03     2.549e-03     7.705e+01  
    2         182    2.906531e+03     0.000e+00     3.910e-04     7.406e-04     7.702e+01  
    3         252    2.906525e+03     0.000e+00     2.737e-04     4.544e-04     7.700e+01  
    4         326    2.906524e+03     0.000e+00     6.571e-05     8.427e-05     7.699e+01  
    5         403    2.903537e+03     0.000e+00     2.254e-05     3.037e-05     7.119e+01  

Solver stopped prematurely.

fmincon stopped because it exceeded the iteration limit,
options.MaxIterations = 5.000000e+00.

Fuel Burn Reduction: -0.001041
 Iter  Func-count            Fval   Feasibility   Step Length       Norm of   First-order  
                                                                       step    optimality
    0          47    2.906562e+03     0.000e+00     1.000e+00     0.000e+00     9.201e+01  
    1         113    2.906537e+03     0.000e+00     1.140e-03     2.549e-03     7.705e+01  
    2         182    2.906531e+03     0.000e+00     3.910e-04     7.406e-04     7.702e+01  
    3         252    2.906525e+03     0.000e+00     2.737e-04     4.544e-04     7.700e+01  
    4         326    2.906524e+03     0.000e+00     6.571e-05     8.427e-05     7.699e+01  
    5         403    2.903537e+03     0.000e+00     2.254e-05     3.037e-05     7.119e+01  

Solver stopped prematurely.

fmincon stopped because it exceeded the iteration limit,
options.MaxIterations = 5.000000e+00.

Fuel Burn Reduction: -0.001041
 Iter  Func-count            Fval   Feasibility   Step Length       Norm of   First-order  
                                                                       step    optimality
    0          47    4.441812e+03     0.000e+00     1.000e+00     0.000e+00     1.581e+02  
    1         111    4.441787e+03     0.000e+00     2.326e-03     5.150e-03     1.578e+02  
    2         177    4.441760e+03     0.000e+00     1.140e-03     1.980e-03     1.576e+02  
    3         246    4.441758e+03     0.000e+00     3.910e-04     6.732e-04     1.575e+02  
    4         314    4.441745e+03     0.000e+00     5.585e-04     9.498e-04     1.574e+02  
    5         364    4.398047e+03     0.000e+00     3.430e-01     4.343e-01     1.234e+02  

Solver stopped prematurely.

fmincon stopped because it exceeded the iteration limit,
options.MaxIterations = 5.000000e+00.

Fuel Burn Reduction: -0.009853
    Flight    Distance_nmi    GroundTime_min    ChargeTime_min    Fuel_kg    BatteryEnergy_kWh    InitialSOC_pct    FinalSOC_pct    PostChargeSOC_pct    OptimizerTime_min
    ______    ____________    ______________    ______________    _______    _________________    ______________    ____________    _________________    _________________

      1          1151.4              0                32          4400.5          206.24               100             21.225            99.534               1.1792      
      2          1151.4             37                60          4400.5          206.24               100             21.225            99.728               1.2834      
      3          406.68             65                48          1772.6          233.99               100             20.155            99.729               1.4199      
      4          406.68             53                45          1772.6          233.99               100             20.155            99.729               1.4169      
      5          813.36             50                 0          3306.6          249.56               100             20.053            20.053                1.633      

             Metric             Paper     CurrentBranch    DifferencePercent
    ________________________    ______    _____________    _________________

    "TotalFuel_kg"               14697        15653             6.5071      
    "TotalBatteryEnergy_kWh"    635.33         1130             77.863      

Electric motor weight: 238.416 kg
